$ C:\Users\user\AppData\Local\Programs\Python\Python312\python.exe 11-1-next-word.py

=== STDOUT ===
[그림 폰트] 한글 폰트 사용: ['Malgun Gothic']
=== 실습 11.1  다음 단어를 예측하는 아주 작은 언어모델 ===
데이터: 코드 안에 적어 둔 합성 한국어 문장(실제 기록 아님). 외부 API를 쓰지 않는다.
서로 다른 학습 문장: 12종
횟수만큼 펼친 학습 문장: 27개
단어 수(어휘): 21개
설정: START_WORD=민준이는, N_WORDS=5, SEED=11

[1] 빈도표 — 앞 단어 뒤에 어떤 단어가 몇 번 나왔는가
  '민준이는' 다음에 나온 단어 (모두 8번)
    월요일에       5번    62.5%
    화요일에       2번    25.0%
    수요일에       1번    12.5%

  '월요일에' 다음에 나온 단어 (모두 10번)
    도서관에서      8번    80.0%
    실습실에서      2번    20.0%

[2] 빈도를 확률로 바꾼다 (각 줄의 합이 1이 되도록 나눈다)
  '민준이는' 다음에 올 단어의 확률
    월요일에      62.5%
    화요일에      25.0%
    수요일에      12.5%

[3] 확률대로 단어를 이어 붙여 문장을 만든다
  1단계  '민준이는' 다음 -> '월요일에' 선택 (확률 62.5%)
  2단계  '월요일에' 다음 -> '도서관에서' 선택 (확률 80.0%)
  3단계  '도서관에서' 다음 -> '통계학을' 선택 (확률 54.5%)
  4단계  '통계학을' 다음 -> '공부한다' 선택 (확률 83.3%)
  만들어진 문장: 민준이는 월요일에 도서관에서 통계학을 공부한다
  학습 문장에 그대로 있는 문장인가: 있다

[4] 같은 방법으로 문장을 5개 더 만든다
  1. 민준이는 월요일에 실습실에서 영어를 복습한다   [학습 문장에 없던 새 조합]
  2. 민준이는 화요일에 실습실에서 파이썬을 연습한다   [학습 문장 그대로]
  3. 민준이는 월요일에 도서관에서 미적분을 복습한다   [학습 문장에 없던 새 조합]
  4. 민준이는 월요일에 도서관에서 통계학을 공부한다   [학습 문장 그대로]
  5. 민준이는 화요일에 도서관에서 통계학을 공부한다   [학습 문장에 없던 새 조합]
  5개 중 학습 문장 그대로인 것: 2개

[5] 이 모델은 뜻을 모르고 빈도만 안다
  P(파이썬을 | 실습실에서) = 85.7%
  P(파이썬을 | 도서관에서) = 0.0%
  두 값이 다른 이유는 '실습실에 컴퓨터가 있어서'가 아니다.
  학습 문장에서 그 두 단어가 붙어 나온 횟수가 다르기 때문이다.
  단어를 아무 뜻 없는 기호로 바꿔도 이 모델의 계산은 한 글자도 달라지지 않는다.

저장: results/next_word_probs.png
저장: results/next_word_table.csv
저장: results/next_word_sentences.csv

=== STDERR ===
