$ C:\Users\user\AppData\Local\Programs\Python\Python312\python.exe 11-2-hallucination.py

=== STDOUT ===
[그림 폰트] 한글 폰트 사용: ['Malgun Gothic']
=== 실습 11.2  환각은 어디서 생기는가 ===
데이터: 코드 안에 적어 둔 합성 한국어 문장(실제 기록 아님). 외부 API를 쓰지 않는다.
이 세계에서 참인 문장: 12종  (이 목록에 없으면 틀린 문장이다)
횟수만큼 펼친 학습 문장: 27개
설정: START_WORD=민준이는, TEMPERATURES=[0.3, 1.0, 2.0], N_SAMPLES=200, SEED=2026

[1] 온도가 확률 분포를 어떻게 바꾸는가
  '민준이는' 다음에 올 단어의 확률
    단어        T=0.3    T=1.0    T=2.0    
    월요일에       95.1%   62.5%   48.1%  
    화요일에        4.5%   25.0%   30.4%  
    수요일에        0.4%   12.5%   21.5%  
  T가 작으면 1등 단어가 거의 다 가져간다. T가 크면 격차가 줄어든다.
  단어의 순위는 바뀌지 않는다. 격차만 바뀐다.

[2] 온도마다 문장을 200개씩 만든다
  --- T = 0.3 ---
   1. 민준이는 월요일에 도서관에서 통계학을 공부한다
      학습 문장 그대로
   2. 민준이는 월요일에 도서관에서 통계학을 공부한다
      학습 문장 그대로
   3. 민준이는 월요일에 도서관에서 통계학을 공부한다
      학습 문장 그대로
   이 온도에서 처음 나온 새 조합: 민준이는 월요일에 도서관에서 [미적분을] 공부한다
      4번째 어절에서 갈라짐
   200문장 중 학습 문장에 없던 조합: 71개 (35.5%), 서로 다른 문장 6종

  --- T = 1.0 ---
   1. 민준이는 화요일에 실습실에서 파이썬을 연습한다
      학습 문장 그대로
   2. 민준이는 월요일에 도서관에서 통계학을 [정리한다]
      5번째 어절에서 갈라짐 -> 학습 문장에 없는 조합
   3. 민준이는 화요일에 실습실에서 파이썬을 연습한다
      학습 문장 그대로
   이 온도에서 처음 나온 새 조합: 민준이는 월요일에 도서관에서 통계학을 [정리한다]
      5번째 어절에서 갈라짐
   200문장 중 학습 문장에 없던 조합: 130개 (65.0%), 서로 다른 문장 18종

  --- T = 2.0 ---
   1. 민준이는 화요일에 [도서관에서] 미적분을 복습한다
      3번째 어절에서 갈라짐 -> 학습 문장에 없는 조합
   2. 민준이는 수요일에 [실습실에서] 파이썬을 연습한다
      3번째 어절에서 갈라짐 -> 학습 문장에 없는 조합
   3. 민준이는 수요일에 [실습실에서] 파이썬을 연습한다
      3번째 어절에서 갈라짐 -> 학습 문장에 없는 조합
   이 온도에서 처음 나온 새 조합: 민준이는 화요일에 [도서관에서] 미적분을 복습한다
      3번째 어절에서 갈라짐
   200문장 중 학습 문장에 없던 조합: 144개 (72.0%), 서로 다른 문장 21종

[3] 온도별 정리
  온도      새 조합 수      새 조합 비율       문장 종류     
  0.3     71           35.5%        6         
  1.0     130          65.0%        18        
  2.0     144          72.0%        21        

[4] 환각이 만들어지는 자리
  갈라지는 자리는 확률이 반반에 가까운 지점이다.
    P(통계학을 | 도서관에서) = 54.5%
    P(미적분을 | 도서관에서) = 45.5%
  두 값이 비슷하면 어느 쪽이 뽑혀도 어법은 맞는다.
  그런데 이 세계에서 참인 조합은 한쪽뿐이다. 모델은 그 차이를 모른다.
  온도를 0에 가깝게 낮춰도 이 갈림은 사라지지 않는다. 1등 쪽으로 굳을 뿐이다.
  1등이 틀린 답이면, 온도를 낮출수록 늘 틀린 답을 낸다.

저장: results/hallucination_by_temperature.png
저장: results/hallucination_examples.csv
저장: results/hallucination_summary.csv

=== STDERR ===
