$ C:\Users\user\AppData\Local\Programs\Python\Python312\python.exe 7-1-overfit.py

=== STDOUT ===
=== 실습 7.1 일부러 과적합 만들기 ===
[그림 폰트] 한글 폰트 사용: ['Malgun Gothic']
데이터: 컴퓨터로 만든 합성 데이터(실제 관측값 아님)
훈련 데이터 30개, 테스트 데이터 200개
잡음 크기 NOISE_LEVEL = 0.25
맞춰 본 차수: [1, 4, 15]

=== 차수별 오차 (RMSE, 작을수록 잘 맞춘 것) ===
  차수        훈련오차        테스트오차         차이
   1      0.4703       0.4877     0.0173
   4      0.1882       0.2562     0.0680
  15      0.1077       1.1247     1.0171

테스트 오차가 가장 작은 차수: 4 (테스트 오차 0.2562)

=== 훈련 점에 얼마나 붙었고, 점 사이에서 얼마나 솟구쳤는가 ===
  차수      훈련 점에서 벗어난 최대 거리      곡선 최솟값      곡선 최댓값
   1                1.1598       -1.08        0.73
   4                0.3670       -0.94        1.36
  15                0.3737       -0.92       24.76
참고: 진짜 곡선은 -1.00 에서 1.00 사이만 움직인다

=== 저장된 결과 ===
비교 그림: results/overfit_curves.png
오차 표: results/overfit_table.csv

DEGREES, NOISE_LEVEL, N_SAMPLES를 바꿔 다시 실행하면 그림과 표가 달라진다.

=== STDERR ===
