$ /opt/homebrew/opt/python@3.14/bin/python3.14 7-1-overfitting-demo.py

=== STDOUT ===
=== 7주차 과적합과 일반화 ===
전체 데이터 수: 100
훈련 데이터 수: 70
테스트 데이터 수: 30
특성 수: 20

=== 과적합 모델 (max_depth=None, 제한 없음) ===
  훈련 정확도: 1.000
  테스트 정확도: 0.700
  차이 (훈련 - 테스트): 0.300

=== 적절한 모델 (max_depth=3) ===
  훈련 정확도: 0.971
  테스트 정확도: 0.800
  차이 (훈련 - 테스트): 0.171

=== max_depth별 정확도 ===
depth     train      test       gap
    1     0.757     0.633     0.124
    2     0.929     0.800     0.129
    3     0.971     0.800     0.171
    4     0.986     0.800     0.186
    5     1.000     0.700     0.300
    6     1.000     0.700     0.300
    7     1.000     0.700     0.300
    8     1.000     0.700     0.300
    9     1.000     0.700     0.300
   10     1.000     0.700     0.300
   11     1.000     0.700     0.300
   12     1.000     0.700     0.300
   13     1.000     0.700     0.300
   14     1.000     0.700     0.300
   15     1.000     0.700     0.300
   16     1.000     0.700     0.300
   17     1.000     0.700     0.300
   18     1.000     0.700     0.300
   19     1.000     0.700     0.300
   20     1.000     0.700     0.300

=== 저장된 결과 ===
복잡도-정확도 그래프: results/complexity_vs_accuracy.png

=== 과적합 진단 요약 ===
테스트 정확도가 가장 높은 max_depth: 2
그때의 테스트 정확도: 0.800
max_depth=None일 때 훈련 정확도: 1.000
max_depth=None일 때 테스트 정확도: 0.700

=== 해석 주의 ===
훈련 정확도가 높아도 테스트 정확도가 낮으면 과적합이다.
모델을 복잡하게 만들면 훈련 데이터를 외울 수 있지만,
새로운 데이터에서는 성능이 떨어질 수 있다.

=== STDERR ===
