$ C:\Users\user\AppData\Local\Programs\Python\Python312\python.exe 7-2-diagnose.py

=== STDOUT ===
=== 실습 7.2 과적합 진단하고 고치기 ===
[그림 폰트] 한글 폰트 사용: ['Malgun Gothic']
데이터: 컴퓨터로 만든 합성 데이터(실제 관측값 아님)
전체 1000개 = 훈련 후보 700개 + 검증 200개 + 테스트 100개
잡음 크기 NOISE_LEVEL = 0.25
같은 크기로 훈련 데이터를 최대 9번 다르게 뽑아 중앙값을 쓴다

=== 진단 1. 복잡도를 올릴 때 (훈련 데이터 25개 고정) ===
          차수        훈련오차        검증오차        간격      뽑은횟수
           1      0.4467      0.4872    0.0405         9
           2      0.2665      0.3194    0.0529         9
           3      0.2137      0.2694    0.0556         9
           4      0.2060      0.2687    0.0627         9
           5      0.2036      0.2696    0.0660         9
           6      0.1963      0.2864    0.0901         9
           7      0.1904      0.3123    0.1219         9
           8      0.1815      0.4327    0.2512         9
           9      0.1801      0.5829    0.4028         9
          10      0.1744      0.9285    0.7541         9

검증 오차가 가장 낮은 차수: 4 (검증 오차 0.2687)
차수 1에서 두 곡선의 간격: 0.0405
차수 4에서 두 곡선의 간격: 0.0627
차수 10에서 두 곡선의 간격: 0.7541

=== 진단 2. 데이터를 늘릴 때 (차수 10 고정) ===
      훈련데이터수        훈련오차        검증오차        간격      뽑은횟수
          20      0.1551      0.8788    0.7237         9
          25      0.1744      0.9285    0.7541         9
          30      0.1907      0.7758    0.5850         9
          40      0.2083      0.5945    0.3862         9
          60      0.2317      0.3025    0.0708         9
          90      0.2406      0.2668    0.0262         7
         140      0.2444      0.2530    0.0086         5
         200      0.2542      0.2520   -0.0021         3
         300      0.2486      0.2500    0.0014         2

훈련 20개일 때 간격: 0.7237
훈련 300개일 때 간격: 0.0014

=== 처방 두 개를 적용한 결과 ===
처방                                  훈련오차      검증오차        간격
없음(차수 10, 데이터 25개)                0.1744    0.9285    0.7541
모델을 단순하게(차수 4, 데이터 25개)           0.2060    0.2687    0.0627
데이터를 늘림(차수 10, 300개)              0.2486    0.2500    0.0014

=== 마지막에 한 번만 쓰는 테스트 데이터 ===
고른 모델: 차수 4, 훈련 후보 700개 전부로 다시 학습
고른 방법: 검증 오차가 가장 낮은 차수를 코드가 골랐다
검증 오차: 0.2427
테스트 오차: 0.2675
검증 데이터로 차수를 골랐으므로, 최종 성적은 테스트 데이터에서 잰다.

=== 저장된 결과 ===
진단 그림: results/diagnose_curves.png
복잡도 표: results/complexity_curve.csv
학습 곡선 표: results/learning_curve.csv

MAX_DEGREE, FIT_SIZE, LEARNING_DEGREE, NOISE_LEVEL, N_REPEATS를 바꿔 다시 실행한다.

=== STDERR ===
