$ C:\Users\user\AppData\Local\Programs\Python\Python312\python.exe 12-1-spec-to-tool.py

=== STDOUT ===
=== 실습 12.1 명세를 먼저 쓰고 그대로 만든 폴더 점검 도구 ===
[그림 폰트] 한글 폰트 사용: ['Malgun Gothic']
점검 대상: practice/chapter12/sample_folder/ (합성 예제 폴더)
이 도구는 폴더를 읽기만 한다. 파일을 지우거나 고치지 않는다.

=== 확장자별 집계 ===
확장자  파일 수  총 용량(B)  평균 용량(B)
------  -------  ----------  ------------
.csv          3        1316         438.7
.md           3         630           210
.log          2        5840          2920
.txt          1         527           527
.py           1         231           231
.json         1         190           190
합계: 파일 11개, 용량 8734 B, 확장자 6종

=== 명세 자기 점검 ===
번호  명세 항목                        기대                                          실제                                                      판정
----  -------------------------------  --------------------------------------------  --------------------------------------------------------  ----
1     입력: 하위 폴더까지 읽는다       하위 폴더 3개(data, logs, notes)의 파일 포함  하위 폴더 안 파일 8개를 셈                                통과
2     출력: 확장자별 파일 수의 합      전체 11개                                     11개                                                      통과
3     출력: 확장자별 용량의 합         전체 8734 B                                   8734 B                                                    통과
4     출력: 결과 파일 생성             2개 파일                                      2개 생성 (folder_extension_table.csv, folder_report.png)  통과
5     금지: 입력 폴더를 고치지 않는다  바뀐 파일 0개                                 바뀐 파일 0개                                             통과
6     실패: 없는 폴더를 주면 멈춘다    FileNotFoundError                             FileNotFoundError 발생                                    통과

=== 저장된 결과 ===
집계 표: results/folder_extension_table.csv
막대그래프: results/folder_report.png

명세 6개 항목 모두 통과. 만든 것과 적은 것이 같다.

=== STDERR ===
