$ C:\Users\user\AppData\Local\Programs\Python\Python312\python.exe 3-1-my-data.py

=== STDOUT ===
=== 실습 3.1 내 관심사를 표로 만든다 ===
[그림 폰트] 한글 폰트 사용: ['Malgun Gothic']
이 표에는 실명·학번·연락처를 넣지 않는다. 별명만 쓴다.
별명: student01

=== 1단계. 리스트에 적은 내용 ===
좋아하는 음식 4개: ['떡볶이', '김치찌개', '김밥', '샐러드']
좋아하는 영화 3개: ['인터스텔라', '기생충', '어벤져스']
좋아하는 운동 3개: ['배드민턴', '농구', '등산']

=== 2단계. 표로 만든 결과 ===
표의 크기: 10행 x 6열
열 이름: ['별명', '분류', '항목', '점수', '이름글자수', '좋아함']

       별명 분류    항목  점수  이름글자수 좋아함
student01 음식   떡볶이   9      3 좋아함
student01 음식  김치찌개   7      4 좋아함
student01 음식    김밥   6      2  보통
student01 음식   샐러드   4      3  보통
student01 영화 인터스텔라  10      5 좋아함
student01 영화   기생충   8      3 좋아함
student01 영화  어벤져스   6      4  보통
student01 운동  배드민턴   7      4 좋아함
student01 운동    농구   5      2  보통
student01 운동    등산   3      2  보통

=== 열마다 어떤 자료형인가 ===
별명       object
분류       object
항목       object
점수        int64
이름글자수     int64
좋아함      object

=== 3단계. CSV로 저장하고 다시 읽기 ===
저장한 파일: results/week03-my-data.csv
파일 크기: 470바이트
다시 읽은 표의 크기: 10행 x 6열
저장 전과 후의 내용이 같은가: True

=== 4단계. 특성과 라벨 정하기 ===
질문: "이 항목을 좋아할까?"
특성(feature) 열: ['분류', '점수', '이름글자수']
라벨(label) 열: 좋아함
좋아함
좋아함    5
보통     5

=== 5단계. 훈련 데이터와 테스트 데이터로 나누기 ===
전체 10행 = 훈련 7행 + 테스트 3행
테스트 쪽으로 간 항목: ['농구', '김치찌개', '기생충']
테스트 쪽 행은 모델을 만들 때 보지 않는다. 4장에서 이 규칙을 다시 쓴다.

=== 저장된 결과 ===
표 파일: results/week03-my-data.csv
그림 파일: results/my-interests.png

파일 맨 위의 리스트를 바꿔 다시 실행하면 표와 그림이 함께 바뀐다.

=== STDERR ===
