$ /opt/homebrew/opt/python@3.14/bin/python3.14 3-1-my-data-plot.py

=== STDOUT ===
=== 3주차 Python과 데이터 ===
Python: 3.14.6
Platform: Darwin 23.3.0
numpy: 2.4.1
pandas: 3.0.0
matplotlib: 3.10.8
Random seed: 42

=== 합성 데이터 (synthetic data) ===
주의: 이 데이터는 합성 데이터이며, 실제 학생 정보가 아닙니다.

     name  movie  food  music  sports  game
Student_A      1     4      4       3     3
Student_B      5     1      4       2     1
Student_C      3     5      4       4     4
Student_D      4     3      1       5     3
Student_E      3     2      1       5     4
Student_F      4     3      5       3     3
Student_G      3     2      1       3     5
Student_H      1     5      5       2     4
Student_I      1     4      4       2     1
Student_J      5     3      5       4     4

=== 규칙 기반 추천 결과 ===
규칙:
  - movie >= 4 AND game >= 4  -> SF fan
  - sports >= 4 AND food >= 4 -> Active foodie
  - music >= 4               -> Music lover
  - otherwise                -> Explorer

     name recommendation
Student_A    Music lover
Student_B    Music lover
Student_C  Active foodie
Student_D       Explorer
Student_E       Explorer
Student_F    Music lover
Student_G       Explorer
Student_H    Music lover
Student_I    Music lover
Student_J         SF fan

=== 추천 분포 ===
  Music lover: 5명
  Explorer: 3명
  Active foodie: 1명
  SF fan: 1명

=== 특성(feature)과 라벨(label) ===
특성 열(입력): ['movie', 'food', 'music', 'sports', 'game']
  -> 모델이 판단 재료로 사용하는 열
라벨 열(정답): recommendation
  -> 모델이 맞혀야 하는 정답 열

첫 3행 예시:
 movie  food  music  sports  game recommendation
     1     4      4       3     3    Music lover
     5     1      4       2     1    Music lover
     3     5      4       4     4  Active foodie

=== 데이터 품질 체크리스트 ===
  결측값 수: 0
  범위 밖(1-5) 값 수: 0
  중복 행 수: 0
  movie 평균: 3.0
  food 평균: 3.2
  music 평균: 3.4
  sports 평균: 3.3
  game 평균: 3.2
  전체 데이터 수: 10행 x 6열

CSV 저장: results/week03-my-data.csv
그래프 저장: results/data_overview.png

=== 안전 점검 ===
- 데이터에 실제 개인정보(이름, 학번, 연락처)가 포함되지 않았다.
- 합성 데이터임을 출력에 표시했다.
- 이 코드가 읽는 파일: 없음 (자체 생성)
- 이 코드가 쓰는 파일: week03-my-data.csv, data_overview.png
- 외부 네트워크 전송: 없음

=== STDERR ===
