$ C:\Users\user\AppData\Local\Programs\Python\Python312\python.exe 3-2-data-quality.py

=== STDOUT ===
=== 실습 3.2 흠집 난 표를 고친다 ===
[그림 폰트] 한글 폰트 사용: ['Malgun Gothic']
데이터: 컴퓨터로 만든 합성 데이터(실제 설문 응답 아님)
결측을 채우는 방법: median

=== 0단계. 흠집 난 표 만들기 ===
원본 60행에 낸 흠집:
  중복 행 4건 / 문자열 점수 6건 / 수면시간 이상치 3건 / 공부시간 결측 10건 / 시험점수 결측 3건
저장: results/week03-dirty.csv
다시 읽은 표: 64행 x 5열

열마다 어떤 자료형으로 읽혔는가
응답번호      int64
별명       object
공부시간    float64
수면시간    float64
시험점수     object
시험점수 열이 object다. 숫자가 아니라 글자 덩어리로 읽혔다.

표 앞부분 8행
 응답번호        별명  공부시간  수면시간 시험점수
    1 student01   NaN   5.0   69
    2 student02   2.4   6.6  67점
    3 student03   5.1   7.2   84
    4 student04   5.4   7.7   94
    5 student05   1.1   7.9   65
    6 student06   NaN   8.0   68
    7 student07   4.2   6.6   85
    8 student08   NaN   6.4   65

=== 1단계. 중복 행 ===
찾음 4건 / 고침 4건 / 남음 0건
64행 -> 60행
한 사람을 두 번 세면 그 사람의 응답이 두 배로 반영된다.

=== 2단계. 문자열로 들어온 숫자 ===
찾음 6건 / 고침 6건 / 남음 0건
"82점" 처럼 단위가 붙은 칸에서 단위를 떼고 숫자로 바꿨다.
시험점수 열의 자료형: object -> Int64

=== 3단계. 범위를 벗어난 이상치 ===
있을 수 있는 값의 범위
  공부시간: 0.0 ~ 16.0  (벗어난 칸 0건)
  수면시간: 3.0 ~ 14.0  (벗어난 칸 3건)
  시험점수: 0.0 ~ 100.0  (벗어난 칸 0건)
찾음 3건 / 고침 3건 / 남음 0건
벗어난 값은 그 열에서 범위 안에 있는 값의 중앙값으로 바꿨다.

=== 4단계. 결측값 ===
공부시간(특성) 찾음 10건 / 고침 10건 / 남음 0건
  채운 값: 4.0
시험점수(라벨) 찾음 3건 / 고침 0건 / 남음 3건
  라벨은 맞혀야 하는 정답이다. 정답을 지어내지 않는다. 그래서 남긴다.

=== 총계 ===
        문제 유형  찾음  고침  남음
       ① 중복 행   4   4   0
② 문자열로 들어온 숫자   6   6   0
  ③ 범위를 벗어난 값   3   3   0
④ 특성 결측(공부시간)  10  10   0
⑤ 라벨 결측(시험점수)   3   0   3
           합계  26  23   3

찾은 26건 = 고친 23건 + 남은 3건
합이 맞는다.

정제 후 표: 60행
그중 라벨이 있어 학습에 쓸 수 있는 행: 57행
라벨이 없어 학습에 쓸 수 없는 행: 3행

=== 결측을 0으로 채우면 생기는 일 ===
공부시간 열: 값이 있는 칸 50개, 빈 칸 10개

               방법 평균 공부시간 참값과의 차이 어긋난 정도(%)
       흠집 내기 전 원본    4.09   +0.00      +0.0
       결측을 0으로 채움    3.34   -0.75     -18.4
         결측인 행을 뺌    4.01   -0.09      -2.1
결측을 중앙값(4.0)으로 채움    4.00   -0.09      -2.1

0은 '값이 없다'는 뜻이 아니라 '0시간 공부했다'는 뜻이다.
빈 칸을 0으로 채우면 공부를 한 시간도 안 한 학생을 새로 만들어 낸 셈이 된다.
이 실습은 빈 칸을 무작위로 만들었기 때문에 결측 행을 뺀 평균이 참값에 가깝다.
특정 집단만 답을 하지 않았다면 결측 행을 빼도 평균이 어긋난다.

=== 저장된 결과 ===
흠집 난 표: results/week03-dirty.csv
정제한 표: results/week03-cleaned.csv
점검 결과 표: results/week03-quality-report.csv
그림 파일: results/data-cleaning-before-after.png

파일 맨 위의 FILL_STRATEGY 를 "zero" 로 바꿔 다시 실행하면
정제 후 그림에서 채운 점들이 왼쪽 벽에 달라붙는 것을 볼 수 있다.

=== STDERR ===
