$ /opt/homebrew/opt/python@3.14/bin/python3.14 5-1-xor-mlp.py

=== STDOUT ===
=== 환경 정보 ===
Python numpy: 2.4.1
scikit-learn: 1.8.0
matplotlib: 3.10.8
random seed: 42

=== XOR 데이터 ===
  x1  x2  |  정답
  --------+------
   0   0  |   0
   0   1  |   1
   1   0  |   1
   1   1  |   0

=== 단층 퍼셉트론 (은닉층 없음) ===
hidden_layer_sizes: ()
activation: logistic
예측: [0, 0, 0, 1]
정답: [0, 1, 1, 0]
정확도: 0.250
틀린 점: 3개
  (0, 1) -> 정답 1, 예측 0
  (1, 0) -> 정답 1, 예측 0
  (1, 1) -> 정답 0, 예측 1

=== 다층 퍼셉트론 (은닉층 8개 뉴런) ===
hidden_layer_sizes: (8,)
activation: tanh
예측: [0, 1, 1, 0]
정답: [0, 1, 1, 0]
정확도: 1.000
모든 XOR 데이터를 맞혔다.

=== 비교 ===
단층 퍼셉트론 정확도: 0.250
다층 퍼셉트론 정확도: 1.000
은닉층을 추가하면 XOR 문제를 풀 수 있다.

=== 저장된 결과 ===
판단 경계 그림: results/xor_decision_boundary.png

=== 해석 ===
단층 퍼셉트론은 직선 하나로 판단 경계를 만든다.
XOR 데이터는 직선 하나로 나눌 수 없으므로 단층 퍼셉트론은 실패한다.
은닉층을 추가하면 비선형 판단 경계를 만들 수 있어 XOR 문제를 풀 수 있다.

=== STDERR ===
