$ C:\Users\user\AppData\Local\Programs\Python\Python312\python.exe 5-1-one-neuron.py

=== STDOUT ===
=== 실습 5.1 뉴런 하나가 하는 계산 ===
[그림 폰트] 한글 폰트 사용: ['Malgun Gothic']
데이터: 컴퓨터로 만든 합성 데이터(실제 학생 자료 아님), 4장 실습 4.1과 같은 데이터
학생 160명 (통과 79명, 미통과 81명)

=== 내 뉴런 ===
W1 = 0.5  (공부 시간에 붙는 가중치)
W2 = 1.0  (수면 시간에 붙는 가중치)
B  = -8.0   (편향)
z = 0.5 x 공부시간 + 1.0 x 수면시간 + (-8.0)
경계선: 수면시간 = -0.50 x 공부시간 + 8.00
전체 정확도(z > 0 이면 통과로 판정): 0.800

=== 학생 5명의 계산 과정 ===
    공부    수면       z      시그모이드    계단    ReLU     판정     실제
  7.74  3.65   -0.48      0.381     0    0.00    미통과     통과
  4.39  8.50    2.69      0.936     1    2.69     통과     통과
  8.59  4.38    0.67      0.662     1    0.67     통과     통과
  6.97  3.22   -1.29      0.216     0    0.00    미통과     통과
  0.94  6.33   -1.20      0.231     0    0.00    미통과    미통과

=== 가중치와 편향이 선을 어떻게 움직이는가 ===
설정                          기울기      y절편      정확도
지금 값 W1=0.5               -0.50     8.00    0.800
W1을 1.0으로                 -1.00     8.00    0.725
W1을 1.5로                  -1.50     8.00    0.644
B를 -6.0으로                 -0.50     6.00    0.669
B를 -10.0으로                -0.50    10.00    0.731

=== 저장된 결과 ===
뉴런의 선: results/one_neuron.png
활성화 함수: results/activation_functions.png

W1, W2, B를 바꿔 다시 실행하면 선이 움직이고 정확도가 달라진다.

=== STDERR ===
