$ C:\Users\user\AppData\Local\Programs\Python\Python312\python.exe 5-2-xor.py

=== STDOUT ===
=== 실습 5.2 XOR - 직선 하나로 못 나누는 문제 ===
[그림 폰트] 한글 폰트 사용: ['Malgun Gothic']
데이터: 컴퓨터로 만든 합성 데이터(XOR 네 모서리 주변에 잡음을 뿌림)
설정: HIDDEN_UNITS=4, NOISE=0.16, N_PER_CORNER=60, seed=42
전체 240개 = 훈련 168개 + 테스트 72개
정답 1: 120개, 정답 0: 120개

=== XOR 네 모서리의 정답 ===
  x1   x2    정답
   0    0     0
   0    1     1
   1    0     1
   1    1     0
정답 1인 두 점이 서로 마주 본다. 그래서 직선 하나로는 못 가른다.

=== 두 모델 비교 ===
모델                              훈련 정확도       테스트 정확도
A 은닉층 없음(뉴런 1개)                  0.530         0.431
B 은닉 뉴런 4개                       0.970         1.000

=== 두 모델이 네 모서리를 어떻게 판정하는가 ===
  x1   x2    정답    A 판정    B 판정
   0    0     0       0       0
   0    1     1       0       1
   1    0     1       1       1
   1    1     0       1       0

=== 은닉 뉴런 개수를 바꾸면 ===
은닉 뉴런 수             훈련 정확도       테스트 정확도
1                    0.554         0.569
2                    0.500         0.500
3                    0.982         1.000
4                    0.970         1.000
8                    1.000         1.000

=== 저장된 결과 ===
두 모델 비교 그림: results/xor_comparison.png

HIDDEN_UNITS를 1로 바꿔 다시 실행하면 은닉층이 있어도 실패한다.

=== STDERR ===
