$ C:\Users\user\AppData\Local\Programs\Python\Python312\python.exe 6-1-gradient-descent.py

=== STDOUT ===
=== 실습 6.1 경사하강법이 답을 찾아가는 과정 ===
[그림 폰트] 한글 폰트 사용: ['Malgun Gothic']
손실 곡선: 손실(w) = (w - 3)^2 + 2
갱신 규칙: 다음 w = 지금 w - 학습률 x 기울기
학습률 0.1, 출발 w = -2.0, 15걸음

=== 걸음마다의 기록 ===
  걸음         w          손실         기울기        이동거리       다음w
   0    -2.000      27.000     -10.000       1.000    -1.000
   1    -1.000      18.000      -8.000       0.800    -0.200
   2    -0.200      12.240      -6.400       0.640     0.440
   3     0.440       8.554      -5.120       0.512     0.952
   4     0.952       6.194      -4.096       0.410     1.362
   5     1.362       4.684      -3.277       0.328     1.689
   6     1.689       3.718      -2.621       0.262     1.951
   7     1.951       3.100      -2.097       0.210     2.161
   8     2.161       2.704      -1.678       0.168     2.329
   9     2.329       2.450      -1.342       0.134     2.463
  10     2.463       2.288      -1.074       0.107     2.571
  11     2.571       2.184      -0.859       0.086     2.656
  12     2.656       2.118      -0.687       0.069     2.725
  13     2.725       2.076      -0.550       0.055     2.780
  14     2.780       2.048      -0.440       0.044     2.824
  15     2.824       2.031      -0.352       0.035     2.859

=== 처음과 끝 비교 ===
출발: w = -2.000, 손실 = 27.000
도착: w = 2.824, 손실 = 2.031
가장 낮은 곳: w = 3.000, 손실 = 2.000
아직 남은 거리: 0.176

=== 저장된 결과 ===
궤적 그림: results/gradient_descent_path.png
걸음 기록: results/gradient_descent_steps.csv

LEARNING_RATE, START_W, N_STEPS를 바꿔 다시 실행하면 길이 달라진다.

=== STDERR ===
