$ /Users/callii/Documents/class/2026-2/basic_DL/.venv/bin/python3 6-1-learning-rate.py

=== STDOUT ===
=== 6주차 학습률 실험 ===
전체 데이터 수: 200
훈련 데이터 수: 140
테스트 데이터 수: 60
특성 수: 2
epoch 수: 100
학습률 목록: [10.0, 0.1, 0.0001]

--- lr=10.0 (too large) ---
  epoch   1: loss = 0.6980
  epoch   2: loss = 0.7312
  epoch   3: loss = 0.5683
  epoch   4: loss = 0.4852
  epoch   5: loss = 0.4442
  ... (중간 90개 생략) ...
  epoch  96: loss = 1.3765
  epoch  97: loss = 0.6420
  epoch  98: loss = 0.5219
  epoch  99: loss = 0.4624
  epoch 100: loss = 0.4334
  최종 손실: 0.4334
  테스트 정확도: 0.800

--- lr=0.1 (good) ---
  epoch   1: loss = 0.6980
  epoch   2: loss = 0.6754
  epoch   3: loss = 0.6552
  epoch   4: loss = 0.6371
  epoch   5: loss = 0.6209
  ... (중간 90개 생략) ...
  epoch  96: loss = 0.4153
  epoch  97: loss = 0.4151
  epoch  98: loss = 0.4149
  epoch  99: loss = 0.4147
  epoch 100: loss = 0.4145
  최종 손실: 0.4145
  테스트 정확도: 0.850

--- lr=0.0001 (too small) ---
  epoch   1: loss = 0.6980
  epoch   2: loss = 0.6980
  epoch   3: loss = 0.6979
  epoch   4: loss = 0.6979
  epoch   5: loss = 0.6979
  ... (중간 90개 생략) ...
  epoch  96: loss = 0.6958
  epoch  97: loss = 0.6958
  epoch  98: loss = 0.6957
  epoch  99: loss = 0.6957
  epoch 100: loss = 0.6957
  최종 손실: 0.6957
  테스트 정확도: 0.183

=== 학습률 비교표 ===
       학습률 |      최종 손실 |      테스트 정확도 | 수렴 여부
-------------------------------------------------------
   10.0000 |     0.4334 |        0.800 | 수렴
    0.1000 |     0.4145 |        0.850 | 수렴
    0.0001 |     0.6957 |        0.183 | 매우 느림

=== 저장된 결과 ===
손실 곡선 그림: results/loss_curves.png

=== 해석 안내 ===
학습률이 너무 크면 손실이 줄어들지 않거나 발산한다.
학습률이 너무 작으면 손실이 매우 천천히 줄어든다.
적절한 학습률을 쓰면 손실이 빠르게 줄어들어 수렴한다.
이 세 가지를 손실 곡선 그래프에서 직접 비교할 수 있다.

=== STDERR ===
