$ C:\Users\user\AppData\Local\Programs\Python\Python312\python.exe 6-2-learning-rate.py

=== STDOUT ===
=== 실습 6.2 학습률 세 가지 비교 ===
[그림 폰트] 한글 폰트 사용: ['Malgun Gothic']
데이터: 컴퓨터로 만든 합성 데이터(실제 관측 자료 아님)
점 200개, 정답 직선 y = 2.5x + 1.0 (잡음 표준편차 2.0)
출발점 w = 0.0, b = 0.0, 에포크 200회
배치를 나누지 않는다. 에포크 1회 = 가중치 갱신 1번이다.

=== 목적지 ===
직선 하나로 도달할 수 있는 가장 낮은 손실: 3.9832
그때의 w = 2.6318, b = 0.3817

=== 학습률별 결과 ===
   학습률    평가    처음 손실  마지막 손실      찾은 w      찾은 b 발산 시점(에포크)
0.0001 너무 작다 237.9243 20.4245    1.9316    0.2971          -
0.0200   알맞다 237.9243  3.9832    2.6313    0.3850          -
0.1200 너무 크다 237.9243     inf 5.01e+152 7.71e+151        181

=== 에포크별 손실 (일부만 뽑아 봄) ===
   에포크       lr=0.0001         lr=0.02         lr=0.12
     0        237.9243        237.9243        237.9243
     1        234.8390         28.4273        1.13e+04
     5        222.8991          3.9863        6.06e+10
    20        183.3695          3.9833        1.05e+36
    50        124.4349          3.9833        3.17e+86
   100         66.0015          3.9833       4.31e+170
   200         20.4245          3.9832             inf

=== 저장된 결과 ===
손실 곡선: results/learning_rate_curves.png
비교표: results/learning_rate_table.csv

LEARNING_RATES와 N_EPOCHS를 바꿔 다시 실행하면 곡선 모양이 달라진다.

=== STDERR ===
