$ C:\Users\user\AppData\Local\Programs\Python\Python312\python.exe 14-1-project-skeleton.py

=== STDOUT ===
=== 실습 14.1 프로젝트 뼈대 ===
[그림 폰트] 한글 폰트 사용: ['Malgun Gothic']
데이터: 컴퓨터로 만든 합성 데이터(실제 리뷰 아님)
전체 300줄, 특징 4개: 긍정어수, 부정어수, 느낌표수, 글자수
정답 열 이름: 평점, 값의 종류: 나쁨, 좋음
정답 분포: 나쁨 127줄, 좋음 173줄
훈련 210줄 + 테스트 90줄 (테스트 비율 0.3)

=== 세 방법의 정확도 ===
방법                      훈련       테스트
기준선                      -     0.578
로지스틱 회귀              0.833     0.833
신경망(8)               0.833     0.833

=== 작은 신경망의 혼동행렬 ===
                   예측:나쁨       예측:좋음
정답:나쁨                 24          14
정답:좋음                  1          51

=== 모델이 틀린 사례 (최대 5줄) ===
 긍정어수  부정어수  느낌표수  글자수 실제 모델예측
    1     1     1  223 나쁨   좋음
    1     1     0  288 나쁨   좋음
    0     0     1   49 나쁨   좋음
    0     0     0  117 나쁨   좋음
    1     1     2  183 나쁨   좋음

=== 저장된 결과 ===
그림: results/project_result.png
틀린 사례: results/project_wrong_examples.csv
입력 예시: results/project_input_example.csv

자기 데이터로 바꾸려면 CSV_PATH 에 파일 이름을 적고 DATA_SOURCE 를 "csv" 로 바꾼다.
정답 열 이름은 LABEL_COLUMN 에 적는다. 나머지 숫자 열이 특징이 된다.

=== STDERR ===
