$ C:\Users\user\AppData\Local\Programs\Python\Python312\python.exe 4-1-simple-classifier.py

=== STDOUT ===
=== 실습 4.1 내가 그은 선 vs 모델이 찾은 선 ===
[그림 폰트] 한글 폰트 사용: ['Malgun Gothic']
데이터: 컴퓨터로 만든 합성 데이터(실제 학생 자료 아님)
전체 160명 = 훈련 112명 + 테스트 48명
전체에서 통과한 학생: 79명, 미통과: 81명

=== 내가 그은 선 ===
식: 수면시간 = -1.0 x 공부시간 + 11.0
훈련 데이터 정확도: 0.902
테스트 데이터 정확도: 0.896

=== 모델이 찾은 선 ===
식: 수면시간 = -1.59 x 공부시간 + 13.96
훈련 데이터 정확도: 0.893
테스트 데이터 정확도: 0.938

=== 테스트 데이터에서 세 가지 비교 ===
방법                         테스트 정확도
기준선(무조건 한쪽)                  0.500
내가 그은 선                      0.896
모델이 찾은 선                     0.938

=== 모델이 틀린 사례 ===
 순위  공부시간  수면시간  실제 모델예측
  1  4.71  5.93  통과  미통과
  2  4.06  7.78 미통과   통과
  3  5.69  3.74  통과  미통과

=== 저장된 결과 ===
비교 그림: results/decision_boundary.png
틀린 사례: results/misclassified_examples.csv

MY_SLOPE와 MY_INTERCEPT를 바꿔 다시 실행하면 내 선의 정확도가 달라진다.

=== STDERR ===
