$ C:\Users\user\AppData\Local\Programs\Python\Python312\python.exe 4-2-accuracy-trap.py

=== STDOUT ===
=== 실습 4.2 정확도 95% 모델의 정체 ===
[그림 폰트] 한글 폰트 사용: ['Malgun Gothic']
데이터: 컴퓨터로 만든 합성 메일 데이터(실제 메일 아님)
전체 1000통 중 스팸 50통 = 5.0%
훈련 700통, 테스트 300통(테스트 안의 스팸 15통)

=== 세 모델 비교 ===
        모델   정확도 스팸 잡음  정상을 스팸이라 함
  A 무조건 정상 0.950  0/15           0
   B 기본 모델 0.967  5/15           0
C 스팸 중시 모델 0.883 10/15          30

--- A 무조건 정상 혼동행렬 ---
               예측:정상  예측:스팸
  정답:정상       285         0
  정답:스팸        15         0

--- B 기본 모델 혼동행렬 ---
               예측:정상  예측:스팸
  정답:정상       285         0
  정답:스팸        10         5

--- C 스팸 중시 모델 혼동행렬 ---
               예측:정상  예측:스팸
  정답:정상       255        30
  정답:스팸         5        10

=== 저장된 결과 ===
혼동행렬 그림: results/confusion_matrix.png
비교 표: results/accuracy_trap_table.csv

정확도가 높다고 좋은 모델이 아니다. 무엇을 놓쳤는지는 혼동행렬에서만 보인다.

=== STDERR ===
