$ /opt/homebrew/opt/python@3.14/bin/python3.14 13-1-ai-demo-app.py

=== STDOUT ===
=== 13주차 나만의 AI 앱 만들기 ===

--- 모델 학습 ---
데이터셋: scikit-learn digits (8x8 픽셀 손글씨 숫자, 0~9)
전체 데이터 수: 1797
훈련 데이터 수: 1257
테스트 데이터 수: 540
특성 수: 64 (8x8 = 64 픽셀)
클래스 수: 10 (0~9)

기준선 정확도: 0.102
테스트 정확도: 0.957

혼동행렬:
[[53  0  0  0  1  0  0  0  0  0]
 [ 0 50  0  1  1  0  0  0  2  1]
 [ 0  1 52  0  0  0  0  0  0  0]
 [ 0  0  0 54  0  0  0  0  1  0]
 [ 0  0  0  0 53  0  0  0  1  0]
 [ 0  0  0  0  0 54  0  0  0  1]
 [ 0  0  0  0  0  0 53  0  1  0]
 [ 0  0  0  0  1  0  0 53  0  0]
 [ 0  4  0  0  0  2  1  0 45  0]
 [ 0  0  0  0  0  0  0  1  3 50]]

--- 데모 앱 (자동 실행 모드) ---
미리 정해둔 테스트 샘플 10개로 예측을 수행한다.

[데모 1]
  실제 숫자: 0
  예측 숫자: 0
  결과: 맞힘
[모델 한계 안내]
  이 예측의 신뢰도: 100.0%
  신뢰도가 높지만, 모델이 틀릴 수 있다.
  이 모델은 8x8 픽셀 손글씨 숫자 데이터로 학습했다.
  실제 손글씨, 인쇄체, 다른 크기의 이미지에는 사용할 수 없다.

[데모 2]
  실제 숫자: 1
  예측 숫자: 1
  결과: 맞힘
[모델 한계 안내]
  이 예측의 신뢰도: 100.0%
  신뢰도가 높지만, 모델이 틀릴 수 있다.
  이 모델은 8x8 픽셀 손글씨 숫자 데이터로 학습했다.
  실제 손글씨, 인쇄체, 다른 크기의 이미지에는 사용할 수 없다.

[데모 3]
  실제 숫자: 2
  예측 숫자: 2
  결과: 맞힘
[모델 한계 안내]
  이 예측의 신뢰도: 100.0%
  신뢰도가 높지만, 모델이 틀릴 수 있다.
  이 모델은 8x8 픽셀 손글씨 숫자 데이터로 학습했다.
  실제 손글씨, 인쇄체, 다른 크기의 이미지에는 사용할 수 없다.

[데모 4]
  실제 숫자: 3
  예측 숫자: 3
  결과: 맞힘
[모델 한계 안내]
  이 예측의 신뢰도: 100.0%
  신뢰도가 높지만, 모델이 틀릴 수 있다.
  이 모델은 8x8 픽셀 손글씨 숫자 데이터로 학습했다.
  실제 손글씨, 인쇄체, 다른 크기의 이미지에는 사용할 수 없다.

[데모 5]
  실제 숫자: 4
  예측 숫자: 4
  결과: 맞힘
[모델 한계 안내]
  이 예측의 신뢰도: 100.0%
  신뢰도가 높지만, 모델이 틀릴 수 있다.
  이 모델은 8x8 픽셀 손글씨 숫자 데이터로 학습했다.
  실제 손글씨, 인쇄체, 다른 크기의 이미지에는 사용할 수 없다.

[데모 6]
  실제 숫자: 5
  예측 숫자: 5
  결과: 맞힘
[모델 한계 안내]
  이 예측의 신뢰도: 97.3%
  신뢰도가 높지만, 모델이 틀릴 수 있다.
  이 모델은 8x8 픽셀 손글씨 숫자 데이터로 학습했다.
  실제 손글씨, 인쇄체, 다른 크기의 이미지에는 사용할 수 없다.

[데모 7]
  실제 숫자: 6
  예측 숫자: 6
  결과: 맞힘
[모델 한계 안내]
  이 예측의 신뢰도: 99.8%
  신뢰도가 높지만, 모델이 틀릴 수 있다.
  이 모델은 8x8 픽셀 손글씨 숫자 데이터로 학습했다.
  실제 손글씨, 인쇄체, 다른 크기의 이미지에는 사용할 수 없다.

[데모 8]
  실제 숫자: 7
  예측 숫자: 7
  결과: 맞힘
[모델 한계 안내]
  이 예측의 신뢰도: 100.0%
  신뢰도가 높지만, 모델이 틀릴 수 있다.
  이 모델은 8x8 픽셀 손글씨 숫자 데이터로 학습했다.
  실제 손글씨, 인쇄체, 다른 크기의 이미지에는 사용할 수 없다.

[데모 9]
  실제 숫자: 8
  예측 숫자: 8
  결과: 맞힘
[모델 한계 안내]
  이 예측의 신뢰도: 99.9%
  신뢰도가 높지만, 모델이 틀릴 수 있다.
  이 모델은 8x8 픽셀 손글씨 숫자 데이터로 학습했다.
  실제 손글씨, 인쇄체, 다른 크기의 이미지에는 사용할 수 없다.

[데모 10]
  실제 숫자: 9
  예측 숫자: 9
  결과: 맞힘
[모델 한계 안내]
  이 예측의 신뢰도: 100.0%
  신뢰도가 높지만, 모델이 틀릴 수 있다.
  이 모델은 8x8 픽셀 손글씨 숫자 데이터로 학습했다.
  실제 손글씨, 인쇄체, 다른 크기의 이미지에는 사용할 수 없다.

--- 데모 결과 요약 ---
총 10개 중 10개 맞힘, 0개 틀림

데모 결과 CSV 저장: results/demo_results.csv

=== 모델 한계 종합 안내 ===
이 모델은 scikit-learn의 digits 데이터셋으로 학습했다.
digits 데이터셋은 8x8 픽셀 흑백 이미지이며, 약 1,800장이다.

이 모델을 실제 서비스에 쓸 수 없는 이유는 다음과 같다.
1. 8x8 픽셀은 해상도가 매우 낮다. 실제 손글씨나 인쇄체를 처리할 수 없다.
2. 데이터가 약 1,800장뿐이다. 다양한 필체를 충분히 학습하지 못했다.
3. 한 사람이 쓴 글씨체에만 맞춰져 있을 수 있다.
4. 회전, 기울기, 크기 변화에 대응하지 못한다.
5. 이 모델은 데모 목적이며, 사용자에게 이 한계를 반드시 알려야 한다.

=== 저장된 결과 ===
데모 결과 CSV: results/demo_results.csv

=== STDERR ===
