$ C:\Users\user\AppData\Local\Programs\Python\Python312\python.exe 13-1-demo-app.py

=== STDOUT ===
=== 실습 13.1 데모 앱 ===
[그림 폰트] 한글 폰트 사용: ['Malgun Gothic']
데이터: 컴퓨터로 만든 합성 메일 데이터(실제 메일 아님)
전체 1200통 중 스팸 480통 = 40.0%
훈련 840통, 테스트 360통
테스트 정확도: 0.872

=== 입력 처리 결과 ===
----------------------------------------------------------
입력 1  광고처럼 보이는 메일
  링크 개수   : 6
  대문자 비율 : 0.32
  느낌표 개수 : 3
  판정         : 스팸
  스팸일 확률  : 0.977
  판단에 쓴 값이 민 크기 (양수는 스팸 쪽, 음수는 정상 쪽)
    링크 개수   : +1.21
    대문자 비율 : +1.77
    느낌표 개수 : +1.33
----------------------------------------------------------
입력 2  교수님이 보낸 공지
  링크 개수   : 1
  대문자 비율 : 0.06
  느낌표 개수 : 0
  판정         : 정상
  스팸일 확률  : 0.016
  판단에 쓴 값이 민 크기 (양수는 스팸 쪽, 음수는 정상 쪽)
    링크 개수   : -1.35
    대문자 비율 : -1.31
    느낌표 개수 : -0.93
----------------------------------------------------------
입력 3  링크는 많지만 조용한 메일
  링크 개수   : 7
  대문자 비율 : 0.09
  느낌표 개수 : 0
  판정         : 정상
  스팸일 확률  : 0.327
  판단에 쓴 값이 민 크기 (양수는 스팸 쪽, 음수는 정상 쪽)
    링크 개수   : +1.72
    대문자 비율 : -0.96
    느낌표 개수 : -0.93
----------------------------------------------------------
입력 4  애매한 메일
  링크 개수   : 4
  대문자 비율 : 0.20
  느낌표 개수 : 1
  판정         : 정상
  스팸일 확률  : 0.450
  판단에 쓴 값이 민 크기 (양수는 스팸 쪽, 음수는 정상 쪽)
    링크 개수   : +0.19
    대문자 비율 : +0.35
    느낌표 개수 : -0.17
----------------------------------------------------------
입력 5  동아리 모집 메일
  링크 개수   : 3
  대문자 비율 : 0.28
  느낌표 개수 : 3
  판정         : 스팸
  스팸일 확률  : 0.850
  판단에 쓴 값이 민 크기 (양수는 스팸 쪽, 음수는 정상 쪽)
    링크 개수   : -0.33
    대문자 비율 : +1.29
    느낌표 개수 : +1.33
----------------------------------------------------------
입력 6  잘못 입력한 예
  링크 개수   : 2
  대문자 비율 : 1.40
  느낌표 개수 : 1
  판정         : 입력을 받지 않았다
  이유         : 대문자 비율은 0.0과 1.0 사이여야 한다
----------------------------------------------------------

=== 이 모델이 틀릴 수 있는 경우 ===
  - 합성 데이터로만 배웠다. 실제 받은 편지함에서 시험한 적이 없다.
  - 한국어 메일 본문을 보지 않는다. 링크 수, 대문자 비율, 느낌표 수만 본다.
  - 확률이 0.5 근처인 메일은 자주 틀린다.

=== 저장된 결과 ===
카드 그림: results/demo_app_cards.png
처리 표: results/demo_app_results.csv

예측 한 줄만 있으면 모델이고, 입력 검사와 확률과 근거와 한계가 붙어야 앱이다.

=== STDERR ===
