$ C:\Users\user\AppData\Local\Programs\Python\Python312\python.exe 13-2-honest-output.py

=== STDOUT ===
=== 실습 13.2 자신 없을 때 답을 미루는 앱 ===
[그림 폰트] 한글 폰트 사용: ['Malgun Gothic']
데이터: 컴퓨터로 만든 합성 메일 데이터(실제 메일 아님)
전체 1200통 중 스팸 480통 = 40.0%
훈련 840통, 테스트 360통
모든 건에 답했을 때의 정확도: 0.872

=== 지금 기준선 CONFIDENCE_THRESHOLD = 0.80 ===
단정한 답: 233건
  그중 틀린 답: 16건
  단정한 답의 정확도: 0.931
판단 보류: 127건 (35.3%)

=== 화면에 나가는 문구 예시 ===
[가장 자신 있는 스팸]  링크 8개, 대문자 0.40, 느낌표 5개  (실제 정답: 스팸)
  스팸
    스팸일 확률 1.00 — 확신 1.00이 기준선 0.80 이상이다
    그래도 틀릴 수 있다. 중요한 메일이면 직접 확인하기 바란다.

[가장 자신 있는 정상]  링크 0개, 대문자 0.00, 느낌표 0개  (실제 정답: 정상)
  정상
    스팸일 확률 0.00 — 확신 1.00이 기준선 0.80 이상이다
    그래도 틀릴 수 있다. 중요한 메일이면 직접 확인하기 바란다.

[가장 애매한 메일]  링크 7개, 대문자 0.03, 느낌표 2개  (실제 정답: 스팸)
  판단 보류
    스팸일 확률 0.49 — 확신 0.51이 기준선 0.80보다 낮다
    이 메일은 자신 있게 답하지 못한다. 사람이 직접 확인하기 바란다.

=== 기준선을 바꾸면 무엇이 맞바뀌는가 ===
 기준선  단정한 답  그중 틀린 답  판단 보류  단정한 답의 정확도
0.50    360       46      0       0.872
0.60    327       33     33       0.899
0.70    283       22     77       0.922
0.80    233       16    127       0.931
0.90    147        8    213       0.946
0.95     86        3    274       0.965

기준선 0.50 → 0.95 로 올리면
  틀린 답: 46건 → 3건
  판단 보류: 0건 → 274건
  틀린 답이 준 만큼 답하지 못한 건수가 늘었다. 공짜로 좋아지지 않는다.

=== 저장된 결과 ===
맞바꿈 그림: results/confidence_tradeoff.png
기준선 표: results/threshold_table.csv

이 모델이 틀릴 수 있는 경우:
  - 합성 데이터로만 배웠다. 실제 받은 편지함에서 시험한 적이 없다.
  - 확신이 높다고 맞는 것은 아니다. 기준선 위에서도 틀린 답이 남는다.
  - 보류한 건수는 사람이 처리해야 한다. 사람이 감당할 양인지 먼저 확인한다.

=== STDERR ===
