$ /opt/homebrew/opt/python@3.14/bin/python3.14 9-1-image-classifier.py

=== STDOUT ===
=== 9주차 이미지 인식과 CNN ===
데이터셋: sklearn load_digits
이미지 크기: 8x8 픽셀, 흑백 1채널
픽셀값 범위: 0.0 ~ 16.0
전체 이미지 수: 1797
클래스 수: 10 (숫자 0~9)

클래스별 이미지 수:
  숫자 0: 178장
  숫자 1: 182장
  숫자 2: 177장
  숫자 3: 183장
  숫자 4: 181장
  숫자 5: 182장
  숫자 6: 181장
  숫자 7: 179장
  숫자 8: 174장
  숫자 9: 180장

훈련 데이터 수: 1257
테스트 데이터 수: 540

=== 기준선 모델 ===
전략: 모든 이미지를 훈련 데이터에서 가장 많은 숫자로 예측
기준선 정확도: 0.102

=== MLP 분류기 ===
구조: 입력 64 → 은닉층(64, 32) → 출력 10
학습 epoch 수: 39
테스트 정확도: 0.946

혼동행렬:
[[53  0  0  0  1  0  0  0  0  0]
 [ 0 53  0  1  0  1  0  0  0  0]
 [ 0  0 51  2  0  0  0  0  0  0]
 [ 0  0  0 52  0  2  0  0  1  0]
 [ 1  0  0  0 51  0  0  2  0  0]
 [ 0  0  0  0  0 52  0  0  1  2]
 [ 0  0  0  0  1  0 53  0  0  0]
 [ 0  1  1  0  0  0  0 52  0  0]
 [ 0  3  1  1  1  0  0  1 44  1]
 [ 0  0  0  0  0  0  0  2  2 50]]

=== 틀린 사례: 29개 ===
 rank  test_index  true_label  predicted_label
    1          22           5                9
    2          28           2                3
    3          48           9                7
    4          75           5                9
    5          97           3                5
    6         111           8                9
    7         137           8                1
    8         164           2                3
    9         185           3                8
   10         196           6                4
   11         207           1                5
   12         237           4                0
   13         252           1                3
   14         262           4                7
   15         277           8                1
   16         286           3                5
   17         342           7                2
   18         345           9                8
   19         363           9                7
   20         373           9                8
   21         376           0                4
   22         392           5                8
   23         437           4                7
   24         450           8                4
   25         451           8                2
   26         486           7                1
   27         493           8                7
   28         498           8                3
   29         532           8                1

=== 자주 혼동하는 숫자 쌍 ===
  실제 8 → 예측 1: 3건
  실제 5 → 예측 9: 2건
  실제 2 → 예측 3: 2건
  실제 9 → 예측 7: 2건
  실제 3 → 예측 5: 2건

=== 저장된 결과 ===
샘플 이미지: results/sample_digits.png
혼동행렬 그림: results/confusion_matrix.png
실패 갤러리: results/failure_gallery.png
틀린 사례 CSV: results/misclassified_examples.csv

=== 해석 주의 ===
이미지를 숫자 배열로 바꾸면 분류기에 넣을 수 있다.
정확도만 보지 말고 혼동행렬과 실패 갤러리를 함께 확인한다.
어떤 숫자를 어떤 숫자로 틀렸는지가 모델의 약점을 보여준다.

=== STDERR ===
