$ C:\Users\user\AppData\Local\Programs\Python\Python312\python.exe 9-1-image-is-numbers.py

=== STDOUT ===
[그림 폰트] 한글 폰트 사용: ['Malgun Gothic']
=== 데이터 ===
scikit-learn load_digits() - 실제 손글씨를 스캔해 만든 공개 데이터
이미지 장수: 1797장
이미지 한 장의 크기: 8 x 8 픽셀
채널 수: 1 (흑백이므로 숫자 판이 한 장이다)
픽셀값 범위: 0 ~ 16
이미지 한 장이 숫자 64개다

=== 고른 이미지 ===
SAMPLE_INDEX = 17 (전체 1797장 중 17번)
이 이미지의 정답: 7

=== 8x8 픽셀값 ===
         0    1    2    3    4    5    6    7
     ----------------------------------------
  0 |    0    0    1    8   15   10    0    0
  1 |    0    3   13   15   14   14    0    0
  2 |    0    5   10    0   10   12    0    0
  3 |    0    0    3    5   15   10    2    0
  4 |    0    0   16   16   16   16   12    0
  5 |    0    1    8   12   14    8    3    0
  6 |    0    0    0   10   13    0    0    0
  7 |    0    0    0   11    9    0    0    0

0이 검정, 16이 흰색이다. 위 숫자가 이미지의 전부다.

=== 합성곱 한 번 손으로 따라가기 ===
세로선 검출 필터:
    -1.0   0.0   1.0
    -1.0   0.0   1.0
    -1.0   0.0   1.0

창 위치: 이미지의 2행 2열에서 시작하는 3x3 칸

  이미지 창          필터            곱한 값
    10    0   10   x    -1.0   0.0   1.0   =    -10.0    0.0   10.0
     3    5   15   x    -1.0   0.0   1.0   =     -3.0    0.0   15.0
    16   16   16   x    -1.0   0.0   1.0   =    -16.0    0.0   16.0

  더하기: (10x-1) + (0x0) + (10x1) + (3x-1) + (5x0) + (15x1) + (16x-1) + (16x0) + (16x1)
        = 12.0

  이 값 하나가 결과 이미지의 2행 2열에 들어간다.

=== 필터 네 개를 적용한 결과 ===
필터                 출력 크기       최솟값       최댓값
세로선 검출               6x6     -39.0      37.0
가로선 검출               6x6     -31.0      28.0
흐리게                  6x6       1.0      12.4
내 필터                 6x6     -40.0      37.0

8x8 이미지에 3x3 필터를 씌우면 6x6이 된다. 창이 이미지 밖으로 못 나가서다.

=== 세로선 검출 필터의 결과 6x6 ===
         0    1    2    3    4    5
     ------------------------------
  0 |   24   15   15   13  -39  -36
  1 |   26   12   13   16  -37  -36
  2 |   29   16   12   17  -27  -38
  3 |   27   32   18    1  -28  -34
  4 |   24   37   19  -14  -28  -24
  5 |    8   32   28  -25  -33   -8

값이 큰 자리에서 왼쪽은 어둡고 오른쪽은 밝다. 세로 방향 경계가 있는 자리다.

=== 내 필터 ===
     0.0  -1.0   0.0
    -1.0   4.0  -1.0
     0.0  -1.0   0.0
결과 최솟값 -40.0, 최댓값 37.0

=== 저장된 결과 ===
픽셀값 그림: results/digit_pixels.png
필터 갤러리: results/filter_gallery.png

SAMPLE_INDEX를 바꾸면 다른 숫자가 나오고, MY_FILTER를 바꾸면 결과가 달라진다.

=== STDERR ===
