$ C:\Users\user\AppData\Local\Programs\Python\Python312\python.exe 10-1-text-to-numbers.py

=== STDOUT ===
=== 실습 10.1 문장을 숫자로 바꾸기 ===
[그림 폰트] 한글 폰트 사용: ['Malgun Gothic']
데이터: 수업용으로 직접 쓴 합성 문장(실제 리뷰 아님)
문장 수: 8개

=== 1단계. 문장을 토큰으로 쪼갠다 ===
문장1  배송이 정말 빨라요
       -> 3개 토큰: 배송이 | 정말 | 빨라요
문장2  배송이 하루 만에 왔어요
       -> 4개 토큰: 배송이 | 하루 | 만에 | 왔어요
문장3  택배가 하루 만에 도착했어요
       -> 4개 토큰: 택배가 | 하루 | 만에 | 도착했어요
문장4  화면이 아주 선명해요
       -> 3개 토큰: 화면이 | 아주 | 선명해요
문장5  화면이 밝고 선명해요
       -> 3개 토큰: 화면이 | 밝고 | 선명해요
문장6  액정이 밝고 또렷해요
       -> 3개 토큰: 액정이 | 밝고 | 또렷해요
문장7  배터리가 하루 만에 닳아요
       -> 4개 토큰: 배터리가 | 하루 | 만에 | 닳아요
문장8  가격이 너무 비싸요
       -> 3개 토큰: 가격이 | 너무 | 비싸요

=== 2단계. 단어 가방 표 ===
문장 8개에서 서로 다른 단어 19개가 나왔다.
표의 크기: 8행 x 19열 = 칸 152개
그중 0인 칸: 125개 (82.2%)

두 문장 이상에 나온 단어는 6개다. 그 부분만 떼어 보면 이렇다.
     만에  밝고  배송이  선명해요  하루  화면이
문장1   0   0    1     0   0    0
문장2   1   0    1     0   1    0
문장3   1   0    0     0   1    0
문장4   0   0    0     1   0    1
문장5   0   1    0     1   0    1
문장6   0   1    0     0   0    0
문장7   1   0    0     0   1    0
문장8   0   0    0     0   0    0

나머지 단어는 한 문장에만 나온다. 그 열은 1이 하나뿐이고 나머지가 전부 0이다.
전체 표는 results/bag_of_words.csv 에 저장했다.

=== 3단계. TF-IDF와 코사인 유사도 ===
TF-IDF는 흔한 단어의 무게를 낮추고 드문 단어의 무게를 높인다.
코사인 유사도는 0에 가까울수록 안 닮았고, 1에 가까울수록 닮았다.

      문장1   문장2   문장3   문장4   문장5   문장6   문장7  문장8
문장1  1.00  0.26  0.00  0.00  0.00  0.00  0.00  0.0
문장2  0.26  1.00  0.36  0.00  0.00  0.00  0.36  0.0
문장3  0.00  0.36  1.00  0.00  0.00  0.00  0.34  0.0
문장4  0.00  0.00  0.00  1.00  0.62  0.00  0.00  0.0
문장5  0.00  0.00  0.00  0.62  1.00  0.29  0.00  0.0
문장6  0.00  0.00  0.00  0.00  0.29  1.00  0.00  0.0
문장7  0.00  0.36  0.34  0.00  0.00  0.00  1.00  0.0
문장8  0.00  0.00  0.00  0.00  0.00  0.00  0.00  1.0

가장 닮은 문장 짝 3개
  1위  유사도 0.62
        문장4: 화면이 아주 선명해요
        문장5: 화면이 밝고 선명해요
  2위  유사도 0.36
        문장2: 배송이 하루 만에 왔어요
        문장7: 배터리가 하루 만에 닳아요
  3위  유사도 0.36
        문장2: 배송이 하루 만에 왔어요
        문장3: 택배가 하루 만에 도착했어요

전체 28개 짝 가운데 유사도가 정확히 0인 짝이 22개다.
단어가 하나도 안 겹친다는 뜻이다.

사람이 보기에 뜻이 같은 짝을 컴퓨터는 어떻게 보는가
  문장1: 배송이 정말 빨라요
  문장3: 택배가 하루 만에 도착했어요
  -> 컴퓨터가 잰 유사도: 0.00

  문장4: 화면이 아주 선명해요
  문장6: 액정이 밝고 또렷해요
  -> 컴퓨터가 잰 유사도: 0.00

유사도 표는 results/sentence_similarity.csv 에 저장했다.

=== 4단계. 2차원으로 줄여 평면에 찍기 ===
TF-IDF 벡터의 원래 차원: 19차원
TruncatedSVD로 2차원까지 줄인다.
두 축이 담아낸 정보의 비율: 가로축 14.8%, 세로축 17.3%, 합계 32.2%

각 문장의 2차원 좌표
       가로축    세로축               문장
문장1  0.276  0.000       배송이 정말 빨라요
문장2  0.795  0.000    배송이 하루 만에 왔어요
문장3  0.719  0.000  택배가 하루 만에 도착했어요
문장4 -0.000  0.831      화면이 아주 선명해요
문장5 -0.000  0.919      화면이 밝고 선명해요
문장6  0.000  0.392      액정이 밝고 또렷해요
문장7  0.719  0.000   배터리가 하루 만에 닳아요
문장8  0.000 -0.000       가격이 너무 비싸요

2차원으로 줄인 뒤 완전히 같은 자리에 놓인 문장
  문장3, 문장7  ->  좌표 (0.719, 0.000)
남은 두 축에는 이 문장들을 갈라 놓을 정보가 없다는 뜻이다.
그림에서는 한 점 안에 번호를 묶어 적는다.

문장 지도 그림: results/sentence_map.png

=== 정리 ===
단어 가방은 단어가 겹칠 때만 두 문장을 닮았다고 본다.
뜻이 같아도 단어가 다르면 유사도가 0이 된다. 이 한계가 임베딩이 필요한 이유다.

=== STDERR ===
