$ /opt/homebrew/opt/python@3.14/bin/python3.14 10-1-text-classifier.py

=== STDOUT ===
=== 10주차 텍스트 감성 분류기 ===
전체 리뷰 수: 50
  긍정: 23개
  부정: 27개
훈련 데이터 수: 35
테스트 데이터 수: 15

=== CountVectorizer (Bag-of-Words) ===
어휘 크기: 129
테스트 정확도: 0.667
혼동행렬:
[[6 2]
 [3 4]]

=== TfidfVectorizer (TF-IDF) ===
어휘 크기: 129
테스트 정확도: 0.733
혼동행렬:
[[7 1]
 [3 4]]

=== 선택 모델: TF-IDF (정확도 0.733) ===

=== 모델이 헷갈린 문장 (최대 5개) ===
  [틀림] "I will definitely come back again soon"
    실제: 긍정, 예측: 부정, 긍정 확률: 0.398
  [틀림] "I expected more but it was still decent"
    실제: 긍정, 예측: 부정, 긍정 확률: 0.363
  [틀림] "Nothing good about this place at all"
    실제: 부정, 예측: 긍정, 긍정 확률: 0.552
  [틀림] "The view was breathtaking and beautiful"
    실제: 긍정, 예측: 부정, 긍정 확률: 0.414
  [확신 낮음] "A total disaster from beginning to end"
    실제: 부정, 예측: 부정, 긍정 확률: 0.498

=== 저장된 결과 ===
혼동행렬 그림: results/confusion_matrix.png
헷갈린 문장 CSV: results/confused_sentences.csv

=== BoW vs TF-IDF 비교 ===
  CountVectorizer (BoW)  정확도: 0.667
  TfidfVectorizer (TF-IDF) 정확도: 0.733

=== 해석 주의 ===
이 실습의 데이터는 50개뿐인 합성 데이터다.
데이터가 적으므로 정확도 수치 자체보다
모델이 어떤 문장을 헷갈리는지, 왜 헷갈리는지가 더 중요하다.
데이터에 특정 표현이 편중되어 있으면 모델도 그 편향을 학습한다.

=== STDERR ===
