$ C:\Users\user\AppData\Local\Programs\Python\Python312\python.exe 10-2-sentiment.py

=== STDOUT ===
=== 실습 10.2 리뷰 긍정/부정 분류기 ===
[그림 폰트] 한글 폰트 사용: ['Malgun Gothic']
데이터: 수업용으로 직접 쓴 합성 리뷰(실제 쇼핑몰 리뷰 아님)
리뷰 64개 = 긍정 32개 + 부정 32개

=== 1단계. 훈련과 테스트로 나눈다 ===
훈련 44개, 테스트 20개(테스트 안의 긍정 10개)

=== 2단계. 단어 가방으로 학습한다 ===
훈련 문장 44개에서 서로 다른 단어 89개가 나왔다.
입력 표의 크기: 44행 x 89열

기준선(무조건 많은 쪽으로 찍기) 테스트 정확도: 0.500
훈련 데이터 정확도: 1.000
테스트 데이터 정확도: 0.650

--- 테스트 데이터 혼동행렬 ---
               예측:부정  예측:긍정
  정답:부정         7         3
  정답:긍정         4         6

--- 테스트 문장 20개 전체 결과 ---
               문장 정답 모델예측  긍정확률 맞음
   손에 잡히는 느낌이 좋아요 긍정   긍정  0.75  O
   마감이 매끄러워서 만족해요 긍정   긍정  0.64  O
    재질이 약해서 실망했어요 부정   부정  0.33  O
    며칠 쓰다가 고장 났어요 부정   부정  0.41  O
       오래 써도 튼튼해요 긍정   부정  0.48  X
   두 번째 구매인데 만족해요 긍정   긍정  0.57  O
      매일 잘 쓰고 있어요 긍정   긍정  0.54  O
     친구에게 말리고 싶어요 부정   긍정  0.56  X
      다시는 안 살 거예요 부정   부정  0.37  O
     성능이 기대보다 좋아요 긍정   긍정  0.78  O
  손에 잡히는 느낌이 별로예요 부정   부정  0.32  O
       가격이 너무 비싸요 부정   부정  0.45  O
   가격 대비 성능이 별로예요 부정   부정  0.43  O
        다시 사고 싶어요 긍정   부정  0.48  X
     성능이 기대보다 못해요 부정   긍정  0.52  X
  배터리가 하루 종일 넉넉해요 긍정   부정  0.42  X
  디자인이 촌스러워서 별로예요 부정   부정  0.36  O
       괜히 산 것 같아요 부정   긍정  0.67  X
색상이 사진과 똑같아서 만족해요 긍정   긍정  0.62  O
    배송이 하루 만에 왔어요 긍정   부정  0.43  X

테스트에서 틀린 문장: 7개
             문장 정답 모델예측  긍정확률 맞음
     오래 써도 튼튼해요 긍정   부정  0.48  X
   친구에게 말리고 싶어요 부정   긍정  0.56  X
      다시 사고 싶어요 긍정   부정  0.48  X
   성능이 기대보다 못해요 부정   긍정  0.52  X
배터리가 하루 종일 넉넉해요 긍정   부정  0.42  X
     괜히 산 것 같아요 부정   긍정  0.67  X
  배송이 하루 만에 왔어요 긍정   부정  0.43  X

=== 3단계. 모델이 헷갈리는 문장 ===
아래 8개는 학습에 쓰지 않은 문장이다. 사람이 정답을 직접 매겼다.
    유형                    문장 사람정답 모델예측  긍정확률 맞음  모르는단어
    반어 정말 좋겠다, 배송이 일주일이나 걸려서   부정   부정  0.45  O      2
   부정어               나쁘지 않아요   긍정   부정  0.48  X      2
   부정어          화면이 선명하지 않아요   부정   부정  0.46  O      2
 섞인 감정   화면은 선명한데 배터리가 최악이에요   부정   부정  0.35  O      2
 섞인 감정     배송은 느렸지만 물건은 만족해요   긍정   긍정  0.70  O      3
 섞인 감정      가격이 비싸지만 성능이 좋아요   긍정   긍정  0.81  O      1
 섞인 감정   포장은 꼼꼼한데 배송이 너무 느려요   부정   부정  0.29  O      2
에두른 칭찬        가격이 이 정도면 만족해요   긍정   긍정  0.74  O      2

8개 중 틀린 것: 1개 (테스트 리뷰에서는 20개 중 7개 틀렸다)

--- 문장마다 모델이 아는 단어와 모르는 단어 ---
[반어] 정말 좋겠다, 배송이 일주일이나 걸려서
    아는 단어 3개: 정말(+0.38), 일주일이나(-0.29), 배송이(-0.20)
    모르는 단어 2개: 좋겠다, 걸려서
    -> 긍정 확률 0.45  (사람 정답 부정)

[부정어] 나쁘지 않아요
    아는 단어 0개
    모르는 단어 2개: 나쁘지, 않아요
    -> 긍정 확률 0.48  (사람 정답 긍정)

[부정어] 화면이 선명하지 않아요
    아는 단어 1개: 화면이(-0.06)
    모르는 단어 2개: 선명하지, 않아요
    -> 긍정 확률 0.46  (사람 정답 부정)

[섞인 감정] 화면은 선명한데 배터리가 최악이에요
    아는 단어 2개: 최악이에요(-0.28), 배터리가(-0.25)
    모르는 단어 2개: 화면은, 선명한데
    -> 긍정 확률 0.35  (사람 정답 부정)

[섞인 감정] 배송은 느렸지만 물건은 만족해요
    아는 단어 1개: 만족해요(+0.93)
    모르는 단어 3개: 배송은, 느렸지만, 물건은
    -> 긍정 확률 0.70  (사람 정답 긍정)

[섞인 감정] 가격이 비싸지만 성능이 좋아요
    아는 단어 3개: 좋아요(+1.19), 가격이(+0.18), 성능이(+0.17)
    모르는 단어 1개: 비싸지만
    -> 긍정 확률 0.81  (사람 정답 긍정)

[섞인 감정] 포장은 꼼꼼한데 배송이 너무 느려요
    아는 단어 3개: 너무(-0.29), 느려요(-0.29), 배송이(-0.20)
    모르는 단어 2개: 포장은, 꼼꼼한데
    -> 긍정 확률 0.29  (사람 정답 부정)

[에두른 칭찬] 가격이 이 정도면 만족해요
    아는 단어 2개: 만족해요(+0.93), 가격이(+0.18)
    모르는 단어 2개: 이, 정도면
    -> 긍정 확률 0.74  (사람 정답 긍정)

=== 4단계. 확률이 0.5 근처인 문장 ===
긍정 확률이 0.35와 0.65 사이면 헷갈리는 구간으로 본다.
헷갈리게 만든 문장 8개 중 이 구간에 든 것: 4개
리뷰 64개(훈련 + 테스트) 중 이 구간에 든 것: 19개
               문장 정답  긍정확률
     성능이 기대보다 못해요 부정  0.52
        다시 사고 싶어요 긍정  0.48
       오래 써도 튼튼해요 긍정  0.48
      매일 잘 쓰고 있어요 긍정  0.54
       가격이 너무 비싸요 부정  0.45
     친구에게 말리고 싶어요 부정  0.56
   가격 대비 성능이 별로예요 부정  0.43
   두 번째 구매인데 만족해요 긍정  0.57
    배송이 하루 만에 왔어요 긍정  0.43
  배터리가 하루 종일 넉넉해요 긍정  0.42
    고객센터 응대가 친절해요 긍정  0.59
    며칠 쓰다가 고장 났어요 부정  0.41
   고객센터 응대가 불친절해요 부정  0.39
색상이 사진과 똑같아서 만족해요 긍정  0.62
       배송이 정말 빨라요 긍정  0.62
      다시는 안 살 거예요 부정  0.37
   마감이 매끄러워서 만족해요 긍정  0.64
  디자인이 촌스러워서 별로예요 부정  0.36
       친구에게 추천했어요 긍정  0.65

=== 5단계. 단어마다 붙은 가중치 ===
가중치가 클수록 그 단어가 있으면 긍정 쪽으로, 작을수록 부정 쪽으로 민다.
훈련 문장에 나온 단어 89개 중 한쪽 라벨에만 나온 단어: 72개 (80.9%)

--- 긍정 쪽으로 가장 세게 미는 단어 10개 ---
  단어   가중치  긍정문장수  부정문장수 한쪽에만
 좋아요 1.185      6      0    예
선명해요 1.018      4      0    예
만족해요 0.933      4      0    예
 편해요 0.754      3      0    예
저렴해서 0.492      2      0    예
간단해서 0.478      2      0    예
 빨라서 0.429      2      0    예
친절해요 0.409      1      0    예
  정말 0.382      1      0    예
 빨라요 0.382      1      0    예

--- 부정 쪽으로 가장 세게 미는 단어 10개 ---
   단어    가중치  긍정문장수  부정문장수 한쪽에만
실망했어요 -0.823      0      4    예
 흐릿해요 -0.775      0      3    예
 불편해요 -0.710      0      3    예
 별로예요 -0.684      0      3    예
 복잡해서 -0.450      0      2    예
    안 -0.449      0      2    예
  느려서 -0.428      0      2    예
불친절해요 -0.389      0      1    예
  꺼져요 -0.315      0      1    예
   자꾸 -0.315      0      1    예

가중치 상위 10개와 하위 10개, 모두 20개 중 한쪽 라벨에만 나온 단어: 20개

=== 저장된 결과 ===
혼동행렬 그림: results/sentiment_confusion.png
헷갈리는 문장 그림: results/confusing_sentences.png
단어 가중치 그림: results/word_weights.png
감성 분석 결과표: results/sentiment_results.csv
헷갈리는 문장 표: results/confusing_sentences.csv
단어 가중치 표: results/word_weights.csv

=== 정리 ===
모델은 뜻을 읽지 않는다. 훈련 문장에서 어느 쪽에 나왔는지만 센다.
한쪽 라벨에만 나온 단어가 판단을 좌우하고, 못 본 단어는 판단에 끼지 못한다.

=== STDERR ===
